if { [catch {vsimulink low_pass_flter -t 1ns -voptargs=+acc  -f parameter_low_pass_flter.cfg } errmsg] } {
    echo "Loading simulation and HDL Verifier library failed."; 
    echo $errmsg; 
    quit -f; 
}
# vsim low_pass_flter -t 1ns -voptargs="+acc" -f parameter_low_pass_flter.cfg -foreign "simlinkserver {E:/Program Files/MATLAB/R2025b/toolbox/edalink/extensions/modelsim/windows64/liblfmhdls_tmwvs.dll}  ; -batch  ; -socket 53721 " 
# Start time: 10:09:24 on Feb 05,2026
# ** Note: (vsim-8009) Loading existing optimized design _opt
# //  ModelSim SE-64 2020.4 Oct 13 2020
# //
# //  Copyright 1991-2020 Mentor Graphics Corporation
# //  All Rights Reserved.
# //
# //  ModelSim SE-64 and its associated documentation contain trade
# //  secrets and commercial or financial information that are the property of
# //  Mentor Graphics Corporation and are privileged, confidential,
# //  and exempt from disclosure under the Freedom of Information Act,
# //  5 U.S.C. Section 552. Furthermore, this information
# //  is prohibited from disclosure under the Trade Secrets Act,
# //  18 U.S.C. Section 1905.
# //
# Loading std.standard
# Loading std.textio(body)
# Loading ieee.std_logic_1164(body)
# Loading ieee.std_logic_arith(body)
# Loading ieee.std_logic_signed(body)
# Loading work.comp_gen
# Loading work.low_pass_flter(comportamento)#1
# Loading work.reg_gen(comp)#1
# Loading work.reg_gen(comp)#2
# Loading ieee.std_logic_unsigned(body)
# Loading work.twoscompliment(comp)#1
# Loading work.sum_gen(comp)#1
# Loading E:/Program Files/MATLAB/R2025b/toolbox/edalink/extensions/modelsim/windows64/liblfmhdls_tmwvs.dll
# ************************************************************************
# HDL server has been started in batch mode. The HDL simulator will be 
# blocked until Simulink starts cosimulation. If you do not want to run
# in batch mode, restart the HDL simulator in a different run mode. To 
# exit the HDL simulator without running a cosimulation session, issue 
# the breakHdlSim('53721') command in MATLAB.

# 
# <EOF>
# End time: 10:09:26 on Feb 05,2026, Elapsed time: 0:00:02
# Errors: 0, Warnings: 0
